// Jest Snapshot v1, https://goo.gl/fbAQLP

exports[`App.vue Should render App 1`] = `<app-content-stub />`;
