// Jest Snapshot v1, https://goo.gl/fbAQLP

exports[`AppHeader.vue Should render AppHeader 1`] = `<header />`;
